main.c:167:5:main	120	static
main.c:296:6:SystemClock_Config	88	static
main.c:341:13:MX_ADC1_Init	24	static
main.c:391:13:MX_SPI3_Init	8	static
main.c:429:13:MX_TIM3_Init	32	static
main.c:474:13:MX_TIM11_Init	8	static
main.c:505:13:MX_USART2_UART_Init	8	static
main.c:536:13:MX_DMA_Init	16	static
main.c:561:13:MX_GPIO_Init	48	static
main.c:614:6:UARTInit	16	static
main.c:625:6:UARTResetStart	16	static
main.c:630:10:UARTGetRxHead	16	static
main.c:635:9:UARTReadChar	32	static
main.c:650:6:UARTTxDumpBuffer	24	static
main.c:677:6:UARTTxWrite	32	static
main.c:700:6:TinFGProtocol	56	static
main.c:917:6:MCP4922SetOutput	24	static
main.c:924:6:HAL_SPI_TxCpltCallback	16	static
main.c:932:6:HAL_TIM_PeriodElapsedCallback	24	static
main.c:940:17:micros	12	static
main.c:952:6:Error_Handler	4	static,ignoring_inline_asm
